// Vitest Snapshot v1, https://vitest.dev/guide/snapshot.html

exports[`GET /api/v1/global-emotes-integrations/[maybe-source] > 404 on unknown non emote source param > _data > will match snapshot 1`] = `
{
  "data": {
    "path": "/api/v1/global-emotes-integrations/unknown",
  },
  "message": "Page not found: /api/v1/global-emotes-integrations/unknown",
  "stack": "",
  "statusCode": 404,
  "statusMessage": "Page not found: /api/v1/global-emotes-integrations/unknown",
  "url": "/api/v1/global-emotes-integrations/unknown",
}
`;
